goal prompt: lying vs evading: n=112 (positives 35, 46 scenarios)  AUROC unseen scenarios / new episodes
   L16  0.735 / 0.866
   L24  0.783 / 0.903
   L32  0.751 / 0.902
   L40  0.732 / 0.890
   L48  0.712 / 0.885
goal prompt: lying vs honest: n=131 (positives 35, 51 scenarios)  AUROC unseen scenarios / new episodes
   L16  0.637 / 0.793
   L24  0.671 / 0.847
   L32  0.732 / 0.855
   L40  0.685 / 0.839
   L48  0.670 / 0.817
goal prompt: evading vs honest: n=173 (positives 77, 59 scenarios)  AUROC unseen scenarios / new episodes
   L16  0.908 / 0.949
   L24  0.948 / 0.977
   L32  0.967 / 0.981
   L40  0.955 / 0.970
   L48  0.948 / 0.966
deny prompt: lying vs evading (12 evasions): n=148 (positives 136, 55 scenarios)  AUROC unseen scenarios / new episodes
   L16  0.862 / 0.868
   L24  0.843 / 0.884
   L32  0.884 / 0.904
   L40  0.835 / 0.888
   L48  0.826 / 0.879
goal+deny prompts: lying vs evading: n=260 (positives 171, 61 scenarios)  AUROC unseen scenarios / new episodes
   L16  0.920 / 0.947
   L24  0.929 / 0.960
   L32  0.925 / 0.963
   L40  0.912 / 0.959
   L48  0.899 / 0.957
