contrast honest   : 494 judged, disclosed D1 in 62%
contrast deceptive: 501 judged, disclosed D1 in 2%
spontaneous replies: 1365 (paltering 580); turn 2: 698, turn 3: 667
train  layer CV in-set | AUROC t2  rho t2 | AUROC t3  rho t3
fav        8     0.577 |    0.644  +0.264 |    0.790  +0.530
fav       16     0.642 |    0.566  +0.136 |    0.780  +0.499
fav       24     0.627 |    0.553  +0.107 |    0.824  +0.576
fav       32     0.715 |    0.507  +0.036 |    0.777  +0.502
fav       40     0.722 |    0.476  -0.015 |    0.801  +0.528
fav       48     0.693 |    0.495  +0.021 |    0.796  +0.520
fav       56     0.662 |    0.490  +0.016 |    0.800  +0.530
fav       61     0.613 |    0.496  +0.021 |    0.790  +0.505
hon        8     0.593 |    0.672  +0.305 |    0.742  +0.422
hon       16     0.626 |    0.691  +0.316 |    0.767  +0.472
hon       24     0.773 |    0.647  +0.251 |    0.689  +0.347
hon       32     0.690 |    0.679  +0.317 |    0.745  +0.451
hon       40     0.667 |    0.666  +0.304 |    0.764  +0.480
hon       48     0.670 |    0.642  +0.269 |    0.764  +0.476
hon       56     0.643 |    0.635  +0.255 |    0.779  +0.501
hon       61     0.610 |    0.641  +0.259 |    0.770  +0.482
both       8     0.180 |    0.575  +0.131 |    0.663  +0.284
both      16     0.199 |    0.613  +0.193 |    0.674  +0.314
both      24     0.225 |    0.600  +0.178 |    0.692  +0.359
both      32     0.218 |    0.618  +0.197 |    0.669  +0.318
both      40     0.196 |    0.631  +0.222 |    0.699  +0.367
both      48     0.197 |    0.679  +0.298 |    0.700  +0.358
both      56     0.217 |    0.669  +0.292 |    0.741  +0.441
both      61     0.212 |    0.653  +0.272 |    0.747  +0.455
