  X[m] -= np.nanmean(X[m], 0, keepdims=True)
  X[m] -= np.nanmean(X[m], 0, keepdims=True)
  X[m] -= np.nanmean(X[m], 0, keepdims=True)
  X[m] -= np.nanmean(X[m], 0, keepdims=True)
  X[m] -= np.nanmean(X[m], 0, keepdims=True)
  X[m] -= np.nanmean(X[m], 0, keepdims=True)
  X[m] -= np.nanmean(X[m], 0, keepdims=True)
  X[m] -= np.nanmean(X[m], 0, keepdims=True)
labels by level: {'honest': {'honest': 219, 'lying': 21, 'unknown': 3, 'confirm': 6, 'evade': 3}, 'goal': {'unknown': 37, 'honest': 96, 'evade': 77, 'confirm': 3, 'lying': 35, 'deny': 4}, 'deny': {'lying': 136, 'deny': 86, 'unknown': 8, 'honest': 9, 'confirm': 1, 'evade': 12}}
== goal level: lying vs honest: n=131 (positives 35, 51 scenarios)   AUROC unseen-scenarios / new-episodes
   feature                  L16           L24           L32           L40           L48
   mean             0.64 / 0.79   0.67 / 0.85   0.73 / 0.86   0.68 / 0.84   0.67 / 0.82
   last             0.55 / 0.81   0.56 / 0.83   0.66 / 0.85   0.63 / 0.85   0.68 / 0.86
   scratch_last8    0.49 / 0.59   0.46 / 0.59   0.56 / 0.66   0.47 / 0.58   0.47 / 0.58
   header           0.61 / 0.77   0.59 / 0.81   0.65 / 0.84   0.67 / 0.82   0.65 / 0.82
   body_1_8         0.48 / 0.73   0.53 / 0.76   0.51 / 0.78   0.49 / 0.72   0.51 / 0.75
   body_9_32        0.62 / 0.74   0.60 / 0.75   0.63 / 0.83   0.60 / 0.79   0.59 / 0.78
== goal+deny levels, level-centred: lying vs honest: n=276 (positives 171, 60 scenarios)   AUROC unseen-scenarios / new-episodes
   feature                  L16           L24           L32           L40           L48
   mean             0.26 / 0.35   0.23 / 0.38   0.28 / 0.50   0.29 / 0.48   0.28 / 0.45
   last             0.30 / 0.79   0.24 / 0.78   0.25 / 0.78   0.24 / 0.78   0.23 / 0.79
   scratch_last8    0.22 / 0.25   0.20 / 0.22   0.20 / 0.24   0.21 / 0.24   0.33 / 0.40
   header           0.31 / 0.53   0.24 / 0.43   0.26 / 0.51   0.28 / 0.54   0.27 / 0.54
   body_1_8         0.29 / 0.49   0.23 / 0.39   0.27 / 0.46   0.27 / 0.48   0.26 / 0.48
   body_9_32        0.25 / 0.40   0.22 / 0.34   0.26 / 0.45   0.24 / 0.46   0.26 / 0.46
== all levels, level-centred: lying vs honest: n=516 (positives 192, 63 scenarios)   AUROC unseen-scenarios / new-episodes
   feature                  L16           L24           L32           L40           L48
   mean             0.25 / 0.24   0.21 / 0.26   0.25 / 0.31   0.26 / 0.31   0.26 / 0.29
   last             0.35 / 0.75   0.22 / 0.79   0.21 / 0.81   0.21 / 0.80   0.20 / 0.80
   scratch_last8    0.17 / 0.17   0.15 / 0.16   0.16 / 0.18   0.15 / 0.19   0.39 / 0.48
   header           0.41 / 0.30   0.28 / 0.27   0.25 / 0.30   0.29 / 0.32   0.31 / 0.33
   body_1_8         0.33 / 0.39   0.22 / 0.24   0.25 / 0.33   0.28 / 0.34   0.27 / 0.33
   body_9_32        0.28 / 0.28   0.23 / 0.25   0.25 / 0.30   0.27 / 0.31   0.25 / 0.32
== goal level: evade vs honest: n=173 (positives 77, 59 scenarios)   AUROC unseen-scenarios / new-episodes
   feature                  L16           L24           L32           L40           L48
   mean             0.91 / 0.95   0.95 / 0.98   0.97 / 0.98   0.96 / 0.97   0.95 / 0.97
   last             0.47 / 0.83   0.47 / 0.84   0.79 / 0.87   0.79 / 0.87   0.79 / 0.87
   scratch_last8    0.48 / 0.61   0.60 / 0.69   0.62 / 0.72   0.57 / 0.66   0.55 / 0.67
   header           0.67 / 0.85   0.87 / 0.94   0.98 / 0.98   0.98 / 0.97   0.96 / 0.96
   body_1_8         0.70 / 0.83   0.90 / 0.92   0.98 / 0.98   0.97 / 0.98   0.95 / 0.96
   body_9_32        0.68 / 0.86   0.91 / 0.96   0.98 / 0.98   0.96 / 0.96   0.95 / 0.95
== reference, instruction-confounded (deny vs honest LEVEL, mean L32): 1.00 / 1.00
== transfer of the lying direction (goal+deny, level-centred) to the spontaneous loop, mean pooling:
   layer   t3 evade/deny vs confirm   t2 paltering vs honest
      16                      0.915                    0.688
      24                      0.976                    0.723
      32                      0.979                    0.726
      40                      0.970                    0.725
      48                      0.967                    0.734
